------------------------------------------------------------
TimeQuest Timing Analyzer Summary
------------------------------------------------------------

Type  : Slow 1200mV 85C Model Setup 'pll0|altpll_component|auto_generated|pll1|clk[0]'
Slack : -18.207
TNS   : -16383.462

Type  : Slow 1200mV 85C Model Setup 'pll0|altpll_component|auto_generated|pll1|clk[2]'
Slack : -11.767
TNS   : -280.723

Type  : Slow 1200mV 85C Model Setup 'ram2port_inst_data:Inst_Data_Mem|altsyncram:altsyncram_component|altsyncram_5ul2:auto_generated|ram_block1a0~porta_address_reg0'
Slack : -8.723
TNS   : -248.809

Type  : Slow 1200mV 85C Model Setup 'pll0|altpll_component|auto_generated|pll1|clk[1]'
Slack : 20.108
TNS   : 0.000

Type  : Slow 1200mV 85C Model Hold 'ram2port_inst_data:Inst_Data_Mem|altsyncram:altsyncram_component|altsyncram_5ul2:auto_generated|ram_block1a0~porta_address_reg0'
Slack : -4.668
TNS   : -125.094

Type  : Slow 1200mV 85C Model Hold 'pll0|altpll_component|auto_generated|pll1|clk[0]'
Slack : 0.358
TNS   : 0.000

Type  : Slow 1200mV 85C Model Hold 'pll0|altpll_component|auto_generated|pll1|clk[2]'
Slack : 4.967
TNS   : 0.000

Type  : Slow 1200mV 85C Model Hold 'pll0|altpll_component|auto_generated|pll1|clk[1]'
Slack : 75.445
TNS   : 0.000

Type  : Slow 1200mV 85C Model Recovery 'pll0|altpll_component|auto_generated|pll1|clk[0]'
Slack : 95.613
TNS   : 0.000

Type  : Slow 1200mV 85C Model Removal 'pll0|altpll_component|auto_generated|pll1|clk[0]'
Slack : 2.105
TNS   : 0.000

Type  : Slow 1200mV 85C Model Minimum Pulse Width 'ram2port_inst_data:Inst_Data_Mem|altsyncram:altsyncram_component|altsyncram_5ul2:auto_generated|ram_block1a0~porta_address_reg0'
Slack : -1.443
TNS   : -318.144

Type  : Slow 1200mV 85C Model Minimum Pulse Width 'CLOCK_50'
Slack : 9.740
TNS   : 0.000

Type  : Slow 1200mV 85C Model Minimum Pulse Width 'pll0|altpll_component|auto_generated|pll1|clk[1]'
Slack : 49.736
TNS   : 0.000

Type  : Slow 1200mV 85C Model Minimum Pulse Width 'pll0|altpll_component|auto_generated|pll1|clk[2]'
Slack : 49.747
TNS   : 0.000

Type  : Slow 1200mV 85C Model Minimum Pulse Width 'pll0|altpll_component|auto_generated|pll1|clk[0]'
Slack : 49.753
TNS   : 0.000

Type  : Slow 1200mV 0C Model Setup 'pll0|altpll_component|auto_generated|pll1|clk[0]'
Slack : -16.118
TNS   : -14579.609

Type  : Slow 1200mV 0C Model Setup 'pll0|altpll_component|auto_generated|pll1|clk[2]'
Slack : -10.388
TNS   : -247.805

Type  : Slow 1200mV 0C Model Setup 'ram2port_inst_data:Inst_Data_Mem|altsyncram:altsyncram_component|altsyncram_5ul2:auto_generated|ram_block1a0~porta_address_reg0'
Slack : -7.933
TNS   : -228.220

Type  : Slow 1200mV 0C Model Setup 'pll0|altpll_component|auto_generated|pll1|clk[1]'
Slack : 20.604
TNS   : 0.000

Type  : Slow 1200mV 0C Model Hold 'ram2port_inst_data:Inst_Data_Mem|altsyncram:altsyncram_component|altsyncram_5ul2:auto_generated|ram_block1a0~porta_address_reg0'
Slack : -4.009
TNS   : -107.770

Type  : Slow 1200mV 0C Model Hold 'pll0|altpll_component|auto_generated|pll1|clk[0]'
Slack : 0.312
TNS   : 0.000

Type  : Slow 1200mV 0C Model Hold 'pll0|altpll_component|auto_generated|pll1|clk[2]'
Slack : 4.396
TNS   : 0.000

Type  : Slow 1200mV 0C Model Hold 'pll0|altpll_component|auto_generated|pll1|clk[1]'
Slack : 75.423
TNS   : 0.000

Type  : Slow 1200mV 0C Model Recovery 'pll0|altpll_component|auto_generated|pll1|clk[0]'
Slack : 96.078
TNS   : 0.000

Type  : Slow 1200mV 0C Model Removal 'pll0|altpll_component|auto_generated|pll1|clk[0]'
Slack : 1.924
TNS   : 0.000

Type  : Slow 1200mV 0C Model Minimum Pulse Width 'ram2port_inst_data:Inst_Data_Mem|altsyncram:altsyncram_component|altsyncram_5ul2:auto_generated|ram_block1a0~porta_address_reg0'
Slack : -1.181
TNS   : -273.945

Type  : Slow 1200mV 0C Model Minimum Pulse Width 'CLOCK_50'
Slack : 9.713
TNS   : 0.000

Type  : Slow 1200mV 0C Model Minimum Pulse Width 'pll0|altpll_component|auto_generated|pll1|clk[0]'
Slack : 49.741
TNS   : 0.000

Type  : Slow 1200mV 0C Model Minimum Pulse Width 'pll0|altpll_component|auto_generated|pll1|clk[1]'
Slack : 49.742
TNS   : 0.000

Type  : Slow 1200mV 0C Model Minimum Pulse Width 'pll0|altpll_component|auto_generated|pll1|clk[2]'
Slack : 49.749
TNS   : 0.000

Type  : Fast 1200mV 0C Model Setup 'pll0|altpll_component|auto_generated|pll1|clk[0]'
Slack : -10.559
TNS   : -9231.022

Type  : Fast 1200mV 0C Model Setup 'pll0|altpll_component|auto_generated|pll1|clk[2]'
Slack : -6.399
TNS   : -152.495

Type  : Fast 1200mV 0C Model Setup 'ram2port_inst_data:Inst_Data_Mem|altsyncram:altsyncram_component|altsyncram_5ul2:auto_generated|ram_block1a0~porta_address_reg0'
Slack : -4.973
TNS   : -141.301

Type  : Fast 1200mV 0C Model Setup 'pll0|altpll_component|auto_generated|pll1|clk[1]'
Slack : 21.888
TNS   : 0.000

Type  : Fast 1200mV 0C Model Hold 'ram2port_inst_data:Inst_Data_Mem|altsyncram:altsyncram_component|altsyncram_5ul2:auto_generated|ram_block1a0~porta_address_reg0'
Slack : -2.720
TNS   : -73.969

Type  : Fast 1200mV 0C Model Hold 'pll0|altpll_component|auto_generated|pll1|clk[0]'
Slack : 0.187
TNS   : 0.000

Type  : Fast 1200mV 0C Model Hold 'pll0|altpll_component|auto_generated|pll1|clk[2]'
Slack : 2.639
TNS   : 0.000

Type  : Fast 1200mV 0C Model Hold 'pll0|altpll_component|auto_generated|pll1|clk[1]'
Slack : 75.221
TNS   : 0.000

Type  : Fast 1200mV 0C Model Recovery 'pll0|altpll_component|auto_generated|pll1|clk[0]'
Slack : 97.269
TNS   : 0.000

Type  : Fast 1200mV 0C Model Removal 'pll0|altpll_component|auto_generated|pll1|clk[0]'
Slack : 1.170
TNS   : 0.000

Type  : Fast 1200mV 0C Model Minimum Pulse Width 'ram2port_inst_data:Inst_Data_Mem|altsyncram:altsyncram_component|altsyncram_5ul2:auto_generated|ram_block1a0~porta_address_reg0'
Slack : -0.755
TNS   : -128.994

Type  : Fast 1200mV 0C Model Minimum Pulse Width 'CLOCK_50'
Slack : 9.425
TNS   : 0.000

Type  : Fast 1200mV 0C Model Minimum Pulse Width 'pll0|altpll_component|auto_generated|pll1|clk[1]'
Slack : 49.748
TNS   : 0.000

Type  : Fast 1200mV 0C Model Minimum Pulse Width 'pll0|altpll_component|auto_generated|pll1|clk[2]'
Slack : 49.751
TNS   : 0.000

Type  : Fast 1200mV 0C Model Minimum Pulse Width 'pll0|altpll_component|auto_generated|pll1|clk[0]'
Slack : 49.776
TNS   : 0.000

------------------------------------------------------------
