------------------------------------------------------------
TimeQuest Timing Analyzer Summary
------------------------------------------------------------

Type  : Slow 1200mV 85C Model Setup 'pll0|altpll_component|auto_generated|pll1|clk[2]'
Slack : 5.409
TNS   : 0.000

Type  : Slow 1200mV 85C Model Setup 'pll0|altpll_component|auto_generated|pll1|clk[1]'
Slack : 21.508
TNS   : 0.000

Type  : Slow 1200mV 85C Model Setup 'pll0|altpll_component|auto_generated|pll1|clk[0]'
Slack : 37.592
TNS   : 0.000

Type  : Slow 1200mV 85C Model Hold 'pll0|altpll_component|auto_generated|pll1|clk[0]'
Slack : 0.359
TNS   : 0.000

Type  : Slow 1200mV 85C Model Hold 'pll0|altpll_component|auto_generated|pll1|clk[2]'
Slack : 51.116
TNS   : 0.000

Type  : Slow 1200mV 85C Model Hold 'pll0|altpll_component|auto_generated|pll1|clk[1]'
Slack : 75.215
TNS   : 0.000

Type  : Slow 1200mV 85C Model Recovery 'pll0|altpll_component|auto_generated|pll1|clk[0]'
Slack : 97.634
TNS   : 0.000

Type  : Slow 1200mV 85C Model Removal 'pll0|altpll_component|auto_generated|pll1|clk[0]'
Slack : 1.048
TNS   : 0.000

Type  : Slow 1200mV 85C Model Minimum Pulse Width 'CLOCK_50'
Slack : 9.740
TNS   : 0.000

Type  : Slow 1200mV 85C Model Minimum Pulse Width 'pll0|altpll_component|auto_generated|pll1|clk[1]'
Slack : 49.735
TNS   : 0.000

Type  : Slow 1200mV 85C Model Minimum Pulse Width 'pll0|altpll_component|auto_generated|pll1|clk[2]'
Slack : 49.746
TNS   : 0.000

Type  : Slow 1200mV 85C Model Minimum Pulse Width 'pll0|altpll_component|auto_generated|pll1|clk[0]'
Slack : 49.754
TNS   : 0.000

Type  : Slow 1200mV 0C Model Setup 'pll0|altpll_component|auto_generated|pll1|clk[2]'
Slack : 7.363
TNS   : 0.000

Type  : Slow 1200mV 0C Model Setup 'pll0|altpll_component|auto_generated|pll1|clk[1]'
Slack : 21.856
TNS   : 0.000

Type  : Slow 1200mV 0C Model Setup 'pll0|altpll_component|auto_generated|pll1|clk[0]'
Slack : 38.836
TNS   : 0.000

Type  : Slow 1200mV 0C Model Hold 'pll0|altpll_component|auto_generated|pll1|clk[0]'
Slack : 0.313
TNS   : 0.000

Type  : Slow 1200mV 0C Model Hold 'pll0|altpll_component|auto_generated|pll1|clk[2]'
Slack : 51.020
TNS   : 0.000

Type  : Slow 1200mV 0C Model Hold 'pll0|altpll_component|auto_generated|pll1|clk[1]'
Slack : 75.217
TNS   : 0.000

Type  : Slow 1200mV 0C Model Recovery 'pll0|altpll_component|auto_generated|pll1|clk[0]'
Slack : 97.889
TNS   : 0.000

Type  : Slow 1200mV 0C Model Removal 'pll0|altpll_component|auto_generated|pll1|clk[0]'
Slack : 0.947
TNS   : 0.000

Type  : Slow 1200mV 0C Model Minimum Pulse Width 'CLOCK_50'
Slack : 9.713
TNS   : 0.000

Type  : Slow 1200mV 0C Model Minimum Pulse Width 'pll0|altpll_component|auto_generated|pll1|clk[1]'
Slack : 49.741
TNS   : 0.000

Type  : Slow 1200mV 0C Model Minimum Pulse Width 'pll0|altpll_component|auto_generated|pll1|clk[0]'
Slack : 49.747
TNS   : 0.000

Type  : Slow 1200mV 0C Model Minimum Pulse Width 'pll0|altpll_component|auto_generated|pll1|clk[2]'
Slack : 49.749
TNS   : 0.000

Type  : Fast 1200mV 0C Model Setup 'pll0|altpll_component|auto_generated|pll1|clk[2]'
Slack : 13.810
TNS   : 0.000

Type  : Fast 1200mV 0C Model Setup 'pll0|altpll_component|auto_generated|pll1|clk[1]'
Slack : 22.806
TNS   : 0.000

Type  : Fast 1200mV 0C Model Setup 'pll0|altpll_component|auto_generated|pll1|clk[0]'
Slack : 42.803
TNS   : 0.000

Type  : Fast 1200mV 0C Model Hold 'pll0|altpll_component|auto_generated|pll1|clk[0]'
Slack : 0.188
TNS   : 0.000

Type  : Fast 1200mV 0C Model Hold 'pll0|altpll_component|auto_generated|pll1|clk[2]'
Slack : 50.581
TNS   : 0.000

Type  : Fast 1200mV 0C Model Hold 'pll0|altpll_component|auto_generated|pll1|clk[1]'
Slack : 75.085
TNS   : 0.000

Type  : Fast 1200mV 0C Model Recovery 'pll0|altpll_component|auto_generated|pll1|clk[0]'
Slack : 98.596
TNS   : 0.000

Type  : Fast 1200mV 0C Model Removal 'pll0|altpll_component|auto_generated|pll1|clk[0]'
Slack : 0.566
TNS   : 0.000

Type  : Fast 1200mV 0C Model Minimum Pulse Width 'CLOCK_50'
Slack : 9.425
TNS   : 0.000

Type  : Fast 1200mV 0C Model Minimum Pulse Width 'pll0|altpll_component|auto_generated|pll1|clk[1]'
Slack : 49.748
TNS   : 0.000

Type  : Fast 1200mV 0C Model Minimum Pulse Width 'pll0|altpll_component|auto_generated|pll1|clk[2]'
Slack : 49.751
TNS   : 0.000

Type  : Fast 1200mV 0C Model Minimum Pulse Width 'pll0|altpll_component|auto_generated|pll1|clk[0]'
Slack : 49.784
TNS   : 0.000

------------------------------------------------------------
