------------------------------------------------------------
TimeQuest Timing Analyzer Summary
------------------------------------------------------------

Type  : Slow 1200mV 85C Model Setup 'mips:mips_cpu|controller:c|flopr:idex|q[0]'
Slack : -7.448
TNS   : -185.029

Type  : Slow 1200mV 85C Model Setup 'pll0|altpll_component|auto_generated|pll1|clk[0]'
Slack : -5.806
TNS   : -146.935

Type  : Slow 1200mV 85C Model Setup 'pll0|altpll_component|auto_generated|pll1|clk[1]'
Slack : 21.299
TNS   : 0.000

Type  : Slow 1200mV 85C Model Setup 'pll0|altpll_component|auto_generated|pll1|clk[2]'
Slack : 41.525
TNS   : 0.000

Type  : Slow 1200mV 85C Model Hold 'mips:mips_cpu|controller:c|flopr:idex|q[0]'
Slack : -2.271
TNS   : -26.575

Type  : Slow 1200mV 85C Model Hold 'pll0|altpll_component|auto_generated|pll1|clk[0]'
Slack : 0.180
TNS   : 0.000

Type  : Slow 1200mV 85C Model Hold 'pll0|altpll_component|auto_generated|pll1|clk[2]'
Slack : 50.251
TNS   : 0.000

Type  : Slow 1200mV 85C Model Hold 'pll0|altpll_component|auto_generated|pll1|clk[1]'
Slack : 75.452
TNS   : 0.000

Type  : Slow 1200mV 85C Model Recovery 'pll0|altpll_component|auto_generated|pll1|clk[0]'
Slack : 96.458
TNS   : 0.000

Type  : Slow 1200mV 85C Model Removal 'pll0|altpll_component|auto_generated|pll1|clk[0]'
Slack : 2.609
TNS   : 0.000

Type  : Slow 1200mV 85C Model Minimum Pulse Width 'mips:mips_cpu|controller:c|flopr:idex|q[0]'
Slack : 0.264
TNS   : 0.000

Type  : Slow 1200mV 85C Model Minimum Pulse Width 'CLOCK_50'
Slack : 9.740
TNS   : 0.000

Type  : Slow 1200mV 85C Model Minimum Pulse Width 'pll0|altpll_component|auto_generated|pll1|clk[1]'
Slack : 49.735
TNS   : 0.000

Type  : Slow 1200mV 85C Model Minimum Pulse Width 'pll0|altpll_component|auto_generated|pll1|clk[2]'
Slack : 49.746
TNS   : 0.000

Type  : Slow 1200mV 85C Model Minimum Pulse Width 'pll0|altpll_component|auto_generated|pll1|clk[0]'
Slack : 49.754
TNS   : 0.000

Type  : Slow 1200mV 0C Model Setup 'mips:mips_cpu|controller:c|flopr:idex|q[0]'
Slack : -6.902
TNS   : -171.070

Type  : Slow 1200mV 0C Model Setup 'pll0|altpll_component|auto_generated|pll1|clk[0]'
Slack : -5.014
TNS   : -124.609

Type  : Slow 1200mV 0C Model Setup 'pll0|altpll_component|auto_generated|pll1|clk[1]'
Slack : 21.674
TNS   : 0.000

Type  : Slow 1200mV 0C Model Setup 'pll0|altpll_component|auto_generated|pll1|clk[2]'
Slack : 42.291
TNS   : 0.000

Type  : Slow 1200mV 0C Model Hold 'mips:mips_cpu|controller:c|flopr:idex|q[0]'
Slack : -1.913
TNS   : -19.340

Type  : Slow 1200mV 0C Model Hold 'pll0|altpll_component|auto_generated|pll1|clk[0]'
Slack : 0.160
TNS   : 0.000

Type  : Slow 1200mV 0C Model Hold 'pll0|altpll_component|auto_generated|pll1|clk[2]'
Slack : 50.258
TNS   : 0.000

Type  : Slow 1200mV 0C Model Hold 'pll0|altpll_component|auto_generated|pll1|clk[1]'
Slack : 75.436
TNS   : 0.000

Type  : Slow 1200mV 0C Model Recovery 'pll0|altpll_component|auto_generated|pll1|clk[0]'
Slack : 96.855
TNS   : 0.000

Type  : Slow 1200mV 0C Model Removal 'pll0|altpll_component|auto_generated|pll1|clk[0]'
Slack : 2.347
TNS   : 0.000

Type  : Slow 1200mV 0C Model Minimum Pulse Width 'mips:mips_cpu|controller:c|flopr:idex|q[0]'
Slack : 0.291
TNS   : 0.000

Type  : Slow 1200mV 0C Model Minimum Pulse Width 'CLOCK_50'
Slack : 9.713
TNS   : 0.000

Type  : Slow 1200mV 0C Model Minimum Pulse Width 'pll0|altpll_component|auto_generated|pll1|clk[1]'
Slack : 49.741
TNS   : 0.000

Type  : Slow 1200mV 0C Model Minimum Pulse Width 'pll0|altpll_component|auto_generated|pll1|clk[0]'
Slack : 49.745
TNS   : 0.000

Type  : Slow 1200mV 0C Model Minimum Pulse Width 'pll0|altpll_component|auto_generated|pll1|clk[2]'
Slack : 49.749
TNS   : 0.000

Type  : Fast 1200mV 0C Model Setup 'mips:mips_cpu|controller:c|flopr:idex|q[0]'
Slack : -4.052
TNS   : -98.620

Type  : Fast 1200mV 0C Model Setup 'pll0|altpll_component|auto_generated|pll1|clk[0]'
Slack : -2.981
TNS   : -74.439

Type  : Fast 1200mV 0C Model Setup 'pll0|altpll_component|auto_generated|pll1|clk[1]'
Slack : 22.696
TNS   : 0.000

Type  : Fast 1200mV 0C Model Setup 'pll0|altpll_component|auto_generated|pll1|clk[2]'
Slack : 45.071
TNS   : 0.000

Type  : Fast 1200mV 0C Model Hold 'mips:mips_cpu|controller:c|flopr:idex|q[0]'
Slack : -1.537
TNS   : -23.306

Type  : Fast 1200mV 0C Model Hold 'pll0|altpll_component|auto_generated|pll1|clk[0]'
Slack : 0.090
TNS   : 0.000

Type  : Fast 1200mV 0C Model Hold 'pll0|altpll_component|auto_generated|pll1|clk[2]'
Slack : 50.109
TNS   : 0.000

Type  : Fast 1200mV 0C Model Hold 'pll0|altpll_component|auto_generated|pll1|clk[1]'
Slack : 75.217
TNS   : 0.000

Type  : Fast 1200mV 0C Model Recovery 'pll0|altpll_component|auto_generated|pll1|clk[0]'
Slack : 97.892
TNS   : 0.000

Type  : Fast 1200mV 0C Model Removal 'pll0|altpll_component|auto_generated|pll1|clk[0]'
Slack : 1.497
TNS   : 0.000

Type  : Fast 1200mV 0C Model Minimum Pulse Width 'mips:mips_cpu|controller:c|flopr:idex|q[0]'
Slack : 0.311
TNS   : 0.000

Type  : Fast 1200mV 0C Model Minimum Pulse Width 'CLOCK_50'
Slack : 9.425
TNS   : 0.000

Type  : Fast 1200mV 0C Model Minimum Pulse Width 'pll0|altpll_component|auto_generated|pll1|clk[1]'
Slack : 49.748
TNS   : 0.000

Type  : Fast 1200mV 0C Model Minimum Pulse Width 'pll0|altpll_component|auto_generated|pll1|clk[2]'
Slack : 49.751
TNS   : 0.000

Type  : Fast 1200mV 0C Model Minimum Pulse Width 'pll0|altpll_component|auto_generated|pll1|clk[0]'
Slack : 49.780
TNS   : 0.000

------------------------------------------------------------
